# https://docs.flutter.dev/ui/accessibility-and-internationalization/internationalization
# https://flutter.dev/go/i18n-user-guide
arb-dir: test/assets/
template-arb-file: app_en.arb
output-localization-file: l10n.dart
output-class: L10n

synthetic-package: false
output-dir: test/generated

no-nullable-getter: true